Starting project at C:\Users\ayinl\OneDrive\Documents\Bridge-NG\mobile
Metro is running in CI mode, reloads are disabled. Remove CI=true to enable watch mode.
Starting Metro Bundler
Waiting on http://localhost:8081
Logs for your project will appear below.
iOS .\index.js ░░░░░░░░░░░░░░░░  0.0% (0/1)
iOS .\index.js ░░░░░░░░░░░░░░░░  1.0% (1/1)
iOS .\index.js ▓░░░░░░░░░░░░░░░ 11.1% ( 16/111)
iOS .\index.js ▓░░░░░░░░░░░░░░░ 11.1% ( 32/155)
iOS .\index.js ▓░░░░░░░░░░░░░░░ 11.1% ( 61/183)
iOS .\index.js ▓▓▓▓░░░░░░░░░░░░ 28.6% (137/256)
iOS .\index.js ▓▓▓▓▓░░░░░░░░░░░ 32.3% (201/358)
iOS .\index.js ▓▓▓▓▓▓░░░░░░░░░░ 40.7% (257/403)
iOS .\index.js ▓▓▓▓▓▓▓▓░░░░░░░░ 55.3% (319/429)
iOS .\index.js ▓▓▓▓▓▓▓▓▓▓▓░░░░░ 71.2% (389/461)
iOS .\index.js ▓▓▓▓▓▓▓▓▓▓▓▓░░░░ 78.5% (451/509)
iOS .\index.js ▓▓▓▓▓▓▓▓▓▓▓▓▓░░░ 86.8% (505/542)
iOS .\index.js ▓▓▓▓▓▓▓▓▓▓▓▓▓▓░░ 93.6% (566/589)
iOS .\index.js ▓▓▓▓▓▓▓▓▓▓▓▓▓▓▓░ 99.7% (688/689)
iOS .\index.js ▓▓▓▓▓▓▓▓▓▓▓▓▓▓▓░ 99.9% (689/689)
iOS Bundled 54759ms index.js (689 modules)
 WARN  SafeAreaView has been deprecated and will be removed in a future release. Please use 'react-native-safe-area-context' instead. See https://github.com/th3rdwave/react-native-safe-area-context
iOS .\index.js ░░░░░░░░░░░░░░░░  0.0% (0/1)
iOS Bundled 128ms index.js (1 module)
 WARN  SafeAreaView has been deprecated and will be removed in a future release. Please use 'react-native-safe-area-context' instead. See https://github.com/th3rdwave/react-native-safe-area-context
